{
    "format_version": "1.16.100",
    "minecraft:item": {
        "description": {
            "identifier": "wormwood:enchanted_glistering_melon_slice",
            "category": "none"
        },
        "components": {
            "minecraft:use_animation": "eat",
            "minecraft:use_duration": 1.75,
			"minecraft:creative_category": {
				"parent": "itemGroup.name.crop"
			},
            "minecraft:foil": true,
            "minecraft:icon": {
                "texture": "melon_speckled"
            },
            "minecraft:food": {
                "nutrition": 3,
                "saturation_modifier": "supernatural",
                "can_always_eat": true,
                "on_consume": {
                    "event": "enchanted_glistering_melon_slice:on_consume_effects"
                }
            }
        },
        "events": {
            "enchanted_glistering_melon_slice:on_consume_effects": {
                "sequence": [
                    {
                        "add_mob_effect": {
                            "effect": "regeneration",
                            "target": "holder",
                            "duration": 7,
                            "amplifier": 3
                        }
                    },
                    {
                        "add_mob_effect": {
                            "effect": "resistance",
                            "target": "holder",
                            "duration": 4,
                            "amplifier": 0
                        }
                    }
                ]
            }
        }
    }
}