{
    "format_version": "1.16.100",
    "minecraft:item": {
        "description": {
            "identifier": "wormwood:enchanted_golden_sweet_berries",
            "category": "none"
        },
        "components": {
            "minecraft:use_animation": "eat",
            "minecraft:use_duration": 1.0,
			"minecraft:creative_category": {
				"parent": "itemGroup.name.crop"
			},
            "minecraft:foil": true,
            "minecraft:icon": {
                "texture": "sweet_berries_golden"
            },
            "minecraft:food": {
                "nutrition": 4,
                "saturation_modifier": "supernatural",
                "can_always_eat": true,
                "on_consume": {
                    "event": "enchanted_golden_sweet_berries:on_consume_effects"
                }
            }
        },
        "events": {
            "enchanted_golden_sweet_berries:on_consume_effects": {
                "sequence": [
                    {
                        "run_command": {
                            "command": [
                                "particle minecraft:heart_particle ~ ~2 ~"
                            ]
                        }
                    }
                ]
            }
        }
    }
}